thaibang_dev@:~/Desktop$ git clone https://github.com/ThaiBangHOANG/gitConflits.git
Cloning into 'gitConflits'...
remote: Enumerating objects: 3, done.
remote: Counting objects: 100% (3/3), done.
remote: Total 3 (delta 0), reused 0 (delta 0), pack-reused 0
Unpacking objects: 100% (3/3), 612 bytes | 204.00 KiB/s, done.
thaibang_dev@:~/Desktop$ cd gitConflits/
thaibang_dev@:~/Desktop/gitConflits$ git add README.md 
thaibang_dev@:~/Desktop/gitConflits$ git commit -m "modified LOCAL"
[main 4994f34] modified LOCAL
 1 file changed, 2 insertions(+), 1 deletion(-)
thaibang_dev@:~/Desktop/gitConflits$ git status
On branch main
Your branch is ahead of 'origin/main' by 1 commit.
  (use "git push" to publish your local commits)

nothing to commit, working tree clean
thaibang_dev@:~/Desktop/gitConflits$ git pull
remote: Enumerating objects: 5, done.
remote: Counting objects: 100% (5/5), done.
remote: Total 3 (delta 0), reused 0 (delta 0), pack-reused 0
Unpacking objects: 100% (3/3), 655 bytes | 327.00 KiB/s, done.
From https://github.com/ThaiBangHOANG/gitConflits
   730f500..bd07b1e  main       -> origin/main
Auto-merging README.md
CONFLICT (content): Merge conflict in README.md
Automatic merge failed; fix conflicts and then commit the result.
thaibang_dev@:~/Desktop/gitConflits$ git status
On branch main
Your branch and 'origin/main' have diverged,
and have 1 and 1 different commits each, respectively.
  (use "git pull" to merge the remote branch into yours)

You have unmerged paths.
  (fix conflicts and run "git commit")
  (use "git merge --abort" to abort the merge)

Unmerged paths:
  (use "git add <file>..." to mark resolution)
	both modified:   README.md

no changes added to commit (use "git add" and/or "git commit -a")
thaibang_dev@:~/Desktop/gitConflits$ git add README.md 
thaibang_dev@:~/Desktop/gitConflits$ git status
On branch main
Your branch and 'origin/main' have diverged,
and have 1 and 1 different commits each, respectively.
  (use "git pull" to merge the remote branch into yours)

All conflicts fixed but you are still merging.
  (use "git commit" to conclude merge)

Changes to be committed:
	modified:   README.md

thaibang_dev@:~/Desktop/gitConflits$ git commit -m "keep the LOCAL"
[main 68de665] keep the LOCAL
thaibang_dev@:~/Desktop/gitConflits$ git status
On branch main
Your branch is ahead of 'origin/main' by 2 commits.
  (use "git push" to publish your local commits)

nothing to commit, working tree clean
thaibang_dev@:~/Desktop/gitConflits$ git push
Username for 'https://github.com': thaibanghoang
Password for 'https://thaibanghoang@github.com': 
Enumerating objects: 10, done.
Counting objects: 100% (10/10), done.
Delta compression using up to 4 threads
Compressing objects: 100% (3/3), done.
Writing objects: 100% (6/6), 600 bytes | 600.00 KiB/s, done.
Total 6 (delta 0), reused 0 (delta 0)
To https://github.com/ThaiBangHOANG/gitConflits.git
   bd07b1e..68de665  main -> main
thaibang_dev@:~/Desktop/gitConflits$ git status
On branch main
Your branch is up to date with 'origin/main'.

nothing to commit, working tree clean
thaibang_dev@:~/Desktop/gitConflits$ 
